<html>
<body>
<pre>
<h1>µVision Build Log</h1>
<h2>Project:</h2>
C:\Users\Hp\OneDrive\Desktop\ARM cortex PRJ BRD\SOFTWARES\RTOS\7. Stepper Motor\stepper_motor.uvproj
Project File Date:  10/22/2023

<h2>Output:</h2>
Rebuild target 'Target 1'
assembling startup_LPC17xx.s...
compiling system_LPC17xx.c...
compiling stepper_motor.c...
linking...
Program Size: Code=1624 RO-data=236 RW-data=16 ZI-data=608  
".\stepper_motor.axf" - 0 Error(s), 0 Warning(s).
</pre>
</body>
</html>
e=1548 RO-data=252 RW-data=12 ZI-data=612  
".\stepper_motor.axf" - 0 Error(s), 1 Warning(s).
