<html>
<body>
<pre>
<h1>µVision Build Log</h1>
<h2>Project:</h2>
C:\Users\aniru\Desktop\RTOS-LPC1768-main\9. Ultrasonic\ultrasonic.uvproj
Project File Date:  12/22/2023

<h2>Output:</h2>
Rebuild target 'Target 1'
assembling startup_LPC17xx.s...
compiling ultrasonic_lcd.c...
ultrasonic_lcd.c(39): warning:  #167-D: argument of type "unsigned char *" is incompatible with parameter of type "char *restrict"
        sprintf(buffer,"Distance: %.2f cm\r\n", distance);
ultrasonic_lcd.c: 1 warning, 0 errors
compiling system_LPC17xx.c...
linking...
Program Size: Code=7132 RO-data=412 RW-data=44 ZI-data=660  
".\ultrasonic.axf" - 0 Error(s), 1 Warning(s).
</pre>
</body>
</html>
 ZI-data=660  
".\ultrasonic.axf" - 0 Error(s), 2 Warning(s).
.
Finished: 1 information, 0 warning and 1 error messages.
".\ultrasonic.axf" - 1 Error(s), 2 Warning(s).
Target not created
